// Jest Snapshot v1, https://goo.gl/fbAQLP

exports[`throws access denied if guest checkout is disabled and no accountId 1`] = `"You must be logged in to place an order"`;
